[0.449s] Invoking command in '/home/mmazur/Prace/MecHaRo-Lab_ROSBot2Pro/ws_ros2_husarion/src/webots_ros2_husarion': AMENT_PREFIX_PATH=/home/mmazur/Prace/MecHaRo-Lab_ROSBot2Pro/ws_ros2_husarion/install/rosbot_xl_description:/home/mmazur/Prace/MecHaRo-Lab_ROSBot2Pro/ws_ros2_husarion/install/rosbot_description:/home/mmazur/Prace/MecHaRo-Lab_ROSBot2Pro/ws_ros2_husarion/install/ros_components_description:${AMENT_PREFIX_PATH} CMAKE_PREFIX_PATH=/home/mmazur/Prace/MecHaRo-Lab_ROSBot2Pro/ws_ros2_husarion/install/rosbot_xl_description:/home/mmazur/Prace/MecHaRo-Lab_ROSBot2Pro/ws_ros2_husarion/install/rosbot_description:/home/mmazur/Prace/MecHaRo-Lab_ROSBot2Pro/ws_ros2_husarion/install/ros_components_description:${CMAKE_PREFIX_PATH} DEBUGINFOD_URLS=https://debuginfod.ubuntu.com PYTHONPATH=/home/mmazur/Prace/MecHaRo-Lab_ROSBot2Pro/ws_ros2_husarion/build/webots_ros2_husarion/prefix_override:/usr/lib/python3/dist-packages/colcon_core/task/python/colcon_distutils_commands:/home/mmazur/Prace/MecHaRo-Lab_ROSBot2Pro/ws_ros2_husarion/install/webots_ros2_husarion/lib/python3.14/site-packages:${PYTHONPATH} /usr/bin/python3 -W ignore:setup.py install is deprecated -W ignore:easy_install command is deprecated setup.py egg_info --egg-base ../../build/webots_ros2_husarion build --build-base /home/mmazur/Prace/MecHaRo-Lab_ROSBot2Pro/ws_ros2_husarion/build/webots_ros2_husarion/build install --record /home/mmazur/Prace/MecHaRo-Lab_ROSBot2Pro/ws_ros2_husarion/build/webots_ros2_husarion/install.log --single-version-externally-managed install_data
[0.609s] running egg_info
[0.617s] creating ../../build/webots_ros2_husarion/webots_ros2_husarion.egg-info
[0.617s] writing ../../build/webots_ros2_husarion/webots_ros2_husarion.egg-info/PKG-INFO
[0.618s] writing dependency_links to ../../build/webots_ros2_husarion/webots_ros2_husarion.egg-info/dependency_links.txt
[0.618s] writing requirements to ../../build/webots_ros2_husarion/webots_ros2_husarion.egg-info/requires.txt
[0.618s] writing top-level names to ../../build/webots_ros2_husarion/webots_ros2_husarion.egg-info/top_level.txt
[0.618s] writing manifest file '../../build/webots_ros2_husarion/webots_ros2_husarion.egg-info/SOURCES.txt'
[0.637s] reading manifest file '../../build/webots_ros2_husarion/webots_ros2_husarion.egg-info/SOURCES.txt'
[0.637s] writing manifest file '../../build/webots_ros2_husarion/webots_ros2_husarion.egg-info/SOURCES.txt'
[0.637s] running build
[0.638s] running build_py
[0.638s] creating /home/mmazur/Prace/MecHaRo-Lab_ROSBot2Pro/ws_ros2_husarion/build/webots_ros2_husarion/build/lib/webots_ros2_husarion
[0.638s] copying webots_ros2_husarion/__init__.py -> /home/mmazur/Prace/MecHaRo-Lab_ROSBot2Pro/ws_ros2_husarion/build/webots_ros2_husarion/build/lib/webots_ros2_husarion
[0.638s] running install
[0.640s] running install_lib
[0.649s] creating /home/mmazur/Prace/MecHaRo-Lab_ROSBot2Pro/ws_ros2_husarion/install/webots_ros2_husarion/lib/python3.14/site-packages/webots_ros2_husarion
[0.649s] copying /home/mmazur/Prace/MecHaRo-Lab_ROSBot2Pro/ws_ros2_husarion/build/webots_ros2_husarion/build/lib/webots_ros2_husarion/__init__.py -> /home/mmazur/Prace/MecHaRo-Lab_ROSBot2Pro/ws_ros2_husarion/install/webots_ros2_husarion/lib/python3.14/site-packages/webots_ros2_husarion
[0.649s] byte-compiling /home/mmazur/Prace/MecHaRo-Lab_ROSBot2Pro/ws_ros2_husarion/install/webots_ros2_husarion/lib/python3.14/site-packages/webots_ros2_husarion/__init__.py to __init__.cpython-314.pyc
[0.649s] running install_data
[0.649s] creating /home/mmazur/Prace/MecHaRo-Lab_ROSBot2Pro/ws_ros2_husarion/install/webots_ros2_husarion/share/ament_index/resource_index/packages
[0.649s] copying resource/webots_ros2_husarion -> /home/mmazur/Prace/MecHaRo-Lab_ROSBot2Pro/ws_ros2_husarion/install/webots_ros2_husarion/share/ament_index/resource_index/packages
[0.649s] creating /home/mmazur/Prace/MecHaRo-Lab_ROSBot2Pro/ws_ros2_husarion/install/webots_ros2_husarion/share/webots_ros2_husarion/launch
[0.649s] copying launch/rosbot_launch.py -> /home/mmazur/Prace/MecHaRo-Lab_ROSBot2Pro/ws_ros2_husarion/install/webots_ros2_husarion/share/webots_ros2_husarion/launch
[0.649s] copying launch/rosbot_xl_launch.py -> /home/mmazur/Prace/MecHaRo-Lab_ROSBot2Pro/ws_ros2_husarion/install/webots_ros2_husarion/share/webots_ros2_husarion/launch
[0.650s] creating /home/mmazur/Prace/MecHaRo-Lab_ROSBot2Pro/ws_ros2_husarion/install/webots_ros2_husarion/share/webots_ros2_husarion/resource
[0.650s] copying resource/rosbot_controllers.yaml -> /home/mmazur/Prace/MecHaRo-Lab_ROSBot2Pro/ws_ros2_husarion/install/webots_ros2_husarion/share/webots_ros2_husarion/resource
[0.650s] copying resource/rosbot_xl_controllers.yaml -> /home/mmazur/Prace/MecHaRo-Lab_ROSBot2Pro/ws_ros2_husarion/install/webots_ros2_husarion/share/webots_ros2_husarion/resource
[0.650s] copying resource/ekf.yaml -> /home/mmazur/Prace/MecHaRo-Lab_ROSBot2Pro/ws_ros2_husarion/install/webots_ros2_husarion/share/webots_ros2_husarion/resource
[0.650s] copying resource/laser_filter.yaml -> /home/mmazur/Prace/MecHaRo-Lab_ROSBot2Pro/ws_ros2_husarion/install/webots_ros2_husarion/share/webots_ros2_husarion/resource
[0.650s] creating /home/mmazur/Prace/MecHaRo-Lab_ROSBot2Pro/ws_ros2_husarion/install/webots_ros2_husarion/share/webots_ros2_husarion/worlds
[0.650s] copying worlds/rosbot.wbt -> /home/mmazur/Prace/MecHaRo-Lab_ROSBot2Pro/ws_ros2_husarion/install/webots_ros2_husarion/share/webots_ros2_husarion/worlds
[0.650s] copying worlds/rosbot_xl.wbt -> /home/mmazur/Prace/MecHaRo-Lab_ROSBot2Pro/ws_ros2_husarion/install/webots_ros2_husarion/share/webots_ros2_husarion/worlds
[0.650s] creating /home/mmazur/Prace/MecHaRo-Lab_ROSBot2Pro/ws_ros2_husarion/install/webots_ros2_husarion/share/webots_ros2_husarion/worlds/meshes
[0.650s] copying worlds/meshes/husarion_world.dae -> /home/mmazur/Prace/MecHaRo-Lab_ROSBot2Pro/ws_ros2_husarion/install/webots_ros2_husarion/share/webots_ros2_husarion/worlds/meshes
[0.650s] creating /home/mmazur/Prace/MecHaRo-Lab_ROSBot2Pro/ws_ros2_husarion/install/webots_ros2_husarion/share/webots_ros2_husarion/protos/icons
[0.650s] copying protos/icons/Rosbot.png -> /home/mmazur/Prace/MecHaRo-Lab_ROSBot2Pro/ws_ros2_husarion/install/webots_ros2_husarion/share/webots_ros2_husarion/protos/icons
[0.650s] copying protos/icons/RpLidarA2.png -> /home/mmazur/Prace/MecHaRo-Lab_ROSBot2Pro/ws_ros2_husarion/install/webots_ros2_husarion/share/webots_ros2_husarion/protos/icons
[0.650s] copying protos/RpLidarA2.proto -> /home/mmazur/Prace/MecHaRo-Lab_ROSBot2Pro/ws_ros2_husarion/install/webots_ros2_husarion/share/webots_ros2_husarion/protos
[0.650s] copying protos/Rosbot.proto -> /home/mmazur/Prace/MecHaRo-Lab_ROSBot2Pro/ws_ros2_husarion/install/webots_ros2_husarion/share/webots_ros2_husarion/protos
[0.650s] copying package.xml -> /home/mmazur/Prace/MecHaRo-Lab_ROSBot2Pro/ws_ros2_husarion/install/webots_ros2_husarion/share/webots_ros2_husarion
[0.651s] running install_egg_info
[0.660s] Copying ../../build/webots_ros2_husarion/webots_ros2_husarion.egg-info to /home/mmazur/Prace/MecHaRo-Lab_ROSBot2Pro/ws_ros2_husarion/install/webots_ros2_husarion/lib/python3.14/site-packages/webots_ros2_husarion-0.0.0-py3.14.egg-info
[0.660s] running install_scripts
[0.706s] writing list of installed files to '/home/mmazur/Prace/MecHaRo-Lab_ROSBot2Pro/ws_ros2_husarion/build/webots_ros2_husarion/install.log'
[0.722s] Invoked command in '/home/mmazur/Prace/MecHaRo-Lab_ROSBot2Pro/ws_ros2_husarion/src/webots_ros2_husarion' returned '0': AMENT_PREFIX_PATH=/home/mmazur/Prace/MecHaRo-Lab_ROSBot2Pro/ws_ros2_husarion/install/rosbot_xl_description:/home/mmazur/Prace/MecHaRo-Lab_ROSBot2Pro/ws_ros2_husarion/install/rosbot_description:/home/mmazur/Prace/MecHaRo-Lab_ROSBot2Pro/ws_ros2_husarion/install/ros_components_description:${AMENT_PREFIX_PATH} CMAKE_PREFIX_PATH=/home/mmazur/Prace/MecHaRo-Lab_ROSBot2Pro/ws_ros2_husarion/install/rosbot_xl_description:/home/mmazur/Prace/MecHaRo-Lab_ROSBot2Pro/ws_ros2_husarion/install/rosbot_description:/home/mmazur/Prace/MecHaRo-Lab_ROSBot2Pro/ws_ros2_husarion/install/ros_components_description:${CMAKE_PREFIX_PATH} DEBUGINFOD_URLS=https://debuginfod.ubuntu.com PYTHONPATH=/home/mmazur/Prace/MecHaRo-Lab_ROSBot2Pro/ws_ros2_husarion/build/webots_ros2_husarion/prefix_override:/usr/lib/python3/dist-packages/colcon_core/task/python/colcon_distutils_commands:/home/mmazur/Prace/MecHaRo-Lab_ROSBot2Pro/ws_ros2_husarion/install/webots_ros2_husarion/lib/python3.14/site-packages:${PYTHONPATH} /usr/bin/python3 -W ignore:setup.py install is deprecated -W ignore:easy_install command is deprecated setup.py egg_info --egg-base ../../build/webots_ros2_husarion build --build-base /home/mmazur/Prace/MecHaRo-Lab_ROSBot2Pro/ws_ros2_husarion/build/webots_ros2_husarion/build install --record /home/mmazur/Prace/MecHaRo-Lab_ROSBot2Pro/ws_ros2_husarion/build/webots_ros2_husarion/install.log --single-version-externally-managed install_data
