/home/mmazur/Prace/MecHaRo-Lab_ROSBot2Pro/ws_ros2_husarion/install/webots_ros2_husarion/lib/python3.14/site-packages/webots_ros2_husarion/__init__.py
/home/mmazur/Prace/MecHaRo-Lab_ROSBot2Pro/ws_ros2_husarion/install/webots_ros2_husarion/lib/python3.14/site-packages/webots_ros2_husarion/__pycache__/__init__.cpython-314.pyc
/home/mmazur/Prace/MecHaRo-Lab_ROSBot2Pro/ws_ros2_husarion/install/webots_ros2_husarion/share/ament_index/resource_index/packages/webots_ros2_husarion
/home/mmazur/Prace/MecHaRo-Lab_ROSBot2Pro/ws_ros2_husarion/install/webots_ros2_husarion/share/webots_ros2_husarion/launch/rosbot_launch.py
/home/mmazur/Prace/MecHaRo-Lab_ROSBot2Pro/ws_ros2_husarion/install/webots_ros2_husarion/share/webots_ros2_husarion/launch/rosbot_xl_launch.py
/home/mmazur/Prace/MecHaRo-Lab_ROSBot2Pro/ws_ros2_husarion/install/webots_ros2_husarion/share/webots_ros2_husarion/resource/rosbot_controllers.yaml
/home/mmazur/Prace/MecHaRo-Lab_ROSBot2Pro/ws_ros2_husarion/install/webots_ros2_husarion/share/webots_ros2_husarion/resource/rosbot_xl_controllers.yaml
/home/mmazur/Prace/MecHaRo-Lab_ROSBot2Pro/ws_ros2_husarion/install/webots_ros2_husarion/share/webots_ros2_husarion/resource/ekf.yaml
/home/mmazur/Prace/MecHaRo-Lab_ROSBot2Pro/ws_ros2_husarion/install/webots_ros2_husarion/share/webots_ros2_husarion/resource/laser_filter.yaml
/home/mmazur/Prace/MecHaRo-Lab_ROSBot2Pro/ws_ros2_husarion/install/webots_ros2_husarion/share/webots_ros2_husarion/worlds/rosbot.wbt
/home/mmazur/Prace/MecHaRo-Lab_ROSBot2Pro/ws_ros2_husarion/install/webots_ros2_husarion/share/webots_ros2_husarion/worlds/rosbot_xl.wbt
/home/mmazur/Prace/MecHaRo-Lab_ROSBot2Pro/ws_ros2_husarion/install/webots_ros2_husarion/share/webots_ros2_husarion/worlds/meshes/husarion_world.dae
/home/mmazur/Prace/MecHaRo-Lab_ROSBot2Pro/ws_ros2_husarion/install/webots_ros2_husarion/share/webots_ros2_husarion/protos/icons/Rosbot.png
/home/mmazur/Prace/MecHaRo-Lab_ROSBot2Pro/ws_ros2_husarion/install/webots_ros2_husarion/share/webots_ros2_husarion/protos/icons/RpLidarA2.png
/home/mmazur/Prace/MecHaRo-Lab_ROSBot2Pro/ws_ros2_husarion/install/webots_ros2_husarion/share/webots_ros2_husarion/protos/RpLidarA2.proto
/home/mmazur/Prace/MecHaRo-Lab_ROSBot2Pro/ws_ros2_husarion/install/webots_ros2_husarion/share/webots_ros2_husarion/protos/Rosbot.proto
/home/mmazur/Prace/MecHaRo-Lab_ROSBot2Pro/ws_ros2_husarion/install/webots_ros2_husarion/share/webots_ros2_husarion/package.xml
/home/mmazur/Prace/MecHaRo-Lab_ROSBot2Pro/ws_ros2_husarion/install/webots_ros2_husarion/lib/python3.14/site-packages/webots_ros2_husarion-0.0.0-py3.14.egg-info/SOURCES.txt
/home/mmazur/Prace/MecHaRo-Lab_ROSBot2Pro/ws_ros2_husarion/install/webots_ros2_husarion/lib/python3.14/site-packages/webots_ros2_husarion-0.0.0-py3.14.egg-info/dependency_links.txt
/home/mmazur/Prace/MecHaRo-Lab_ROSBot2Pro/ws_ros2_husarion/install/webots_ros2_husarion/lib/python3.14/site-packages/webots_ros2_husarion-0.0.0-py3.14.egg-info/zip-safe
/home/mmazur/Prace/MecHaRo-Lab_ROSBot2Pro/ws_ros2_husarion/install/webots_ros2_husarion/lib/python3.14/site-packages/webots_ros2_husarion-0.0.0-py3.14.egg-info/requires.txt
/home/mmazur/Prace/MecHaRo-Lab_ROSBot2Pro/ws_ros2_husarion/install/webots_ros2_husarion/lib/python3.14/site-packages/webots_ros2_husarion-0.0.0-py3.14.egg-info/PKG-INFO
/home/mmazur/Prace/MecHaRo-Lab_ROSBot2Pro/ws_ros2_husarion/install/webots_ros2_husarion/lib/python3.14/site-packages/webots_ros2_husarion-0.0.0-py3.14.egg-info/top_level.txt
