[0.009s] Invoking command in '/home/mmazur/Prace/MecHaRo-Lab_ROSBot2Pro/ws_ros2_husarion/build/rosbot_xl_description': AMENT_PREFIX_PATH=/home/mmazur/Prace/MecHaRo-Lab_ROSBot2Pro/ws_ros2_husarion/install/ros_components_description:${AMENT_PREFIX_PATH} CMAKE_PREFIX_PATH=/home/mmazur/Prace/MecHaRo-Lab_ROSBot2Pro/ws_ros2_husarion/install/ros_components_description:/opt/ros/lyrical/opt/gz_sim_vendor:/opt/ros/lyrical/opt/gz_sensors_vendor:/opt/ros/lyrical/opt/gz_gui_vendor:/opt/ros/lyrical/opt/gz_transport_vendor:/opt/ros/lyrical/opt/gz_physics_vendor:/opt/ros/lyrical/opt/sdformat_vendor:/opt/ros/lyrical/opt/gz_rendering_vendor:/opt/ros/lyrical/opt/gz_plugin_vendor:/opt/ros/lyrical/opt/gz_fuel_tools_vendor:/opt/ros/lyrical/opt/gz_msgs_vendor:/opt/ros/lyrical/opt/gz_common_vendor:/opt/ros/lyrical/opt/gz_math_vendor:/opt/ros/lyrical/opt/gz_utils_vendor:/opt/ros/lyrical/opt/gz_tools_vendor:/opt/ros/lyrical/opt/gz_ogre_next_vendor:/opt/ros/lyrical/opt/gz_dartsim_vendor:/opt/ros/lyrical/opt/gz_cmake_vendor:/opt/ros/lyrical DEBUGINFOD_URLS=https://debuginfod.ubuntu.com /usr/bin/cmake /home/mmazur/Prace/MecHaRo-Lab_ROSBot2Pro/ws_ros2_husarion/src/rosbot_xl_ros/rosbot_xl_description -DCMAKE_INSTALL_PREFIX=/home/mmazur/Prace/MecHaRo-Lab_ROSBot2Pro/ws_ros2_husarion/install/rosbot_xl_description
[0.072s] -- The C compiler identification is GNU 15.2.0
[0.160s] -- The CXX compiler identification is GNU 15.2.0
[0.171s] -- Detecting C compiler ABI info
[0.270s] -- Detecting C compiler ABI info - done
[0.293s] -- Check for working C compiler: /usr/bin/cc - skipped
[0.294s] -- Detecting C compile features
[0.294s] -- Detecting C compile features - done
[0.313s] -- Detecting CXX compiler ABI info
[0.427s] -- Detecting CXX compiler ABI info - done
[0.444s] -- Check for working CXX compiler: /usr/bin/c++ - skipped
[0.444s] -- Detecting CXX compile features
[0.445s] -- Detecting CXX compile features - done
[0.456s] -- Found ament_cmake: 2.8.8 (/opt/ros/lyrical/share/ament_cmake/cmake)
[0.869s] -- Configuring done (0.9s)
[0.871s] -- Generating done (0.0s)
[0.871s] -- Build files have been written to: /home/mmazur/Prace/MecHaRo-Lab_ROSBot2Pro/ws_ros2_husarion/build/rosbot_xl_description
[0.876s] Invoked command in '/home/mmazur/Prace/MecHaRo-Lab_ROSBot2Pro/ws_ros2_husarion/build/rosbot_xl_description' returned '0': AMENT_PREFIX_PATH=/home/mmazur/Prace/MecHaRo-Lab_ROSBot2Pro/ws_ros2_husarion/install/ros_components_description:${AMENT_PREFIX_PATH} CMAKE_PREFIX_PATH=/home/mmazur/Prace/MecHaRo-Lab_ROSBot2Pro/ws_ros2_husarion/install/ros_components_description:/opt/ros/lyrical/opt/gz_sim_vendor:/opt/ros/lyrical/opt/gz_sensors_vendor:/opt/ros/lyrical/opt/gz_gui_vendor:/opt/ros/lyrical/opt/gz_transport_vendor:/opt/ros/lyrical/opt/gz_physics_vendor:/opt/ros/lyrical/opt/sdformat_vendor:/opt/ros/lyrical/opt/gz_rendering_vendor:/opt/ros/lyrical/opt/gz_plugin_vendor:/opt/ros/lyrical/opt/gz_fuel_tools_vendor:/opt/ros/lyrical/opt/gz_msgs_vendor:/opt/ros/lyrical/opt/gz_common_vendor:/opt/ros/lyrical/opt/gz_math_vendor:/opt/ros/lyrical/opt/gz_utils_vendor:/opt/ros/lyrical/opt/gz_tools_vendor:/opt/ros/lyrical/opt/gz_ogre_next_vendor:/opt/ros/lyrical/opt/gz_dartsim_vendor:/opt/ros/lyrical/opt/gz_cmake_vendor:/opt/ros/lyrical DEBUGINFOD_URLS=https://debuginfod.ubuntu.com /usr/bin/cmake /home/mmazur/Prace/MecHaRo-Lab_ROSBot2Pro/ws_ros2_husarion/src/rosbot_xl_ros/rosbot_xl_description -DCMAKE_INSTALL_PREFIX=/home/mmazur/Prace/MecHaRo-Lab_ROSBot2Pro/ws_ros2_husarion/install/rosbot_xl_description
[0.876s] Invoking command in '/home/mmazur/Prace/MecHaRo-Lab_ROSBot2Pro/ws_ros2_husarion/build/rosbot_xl_description': AMENT_PREFIX_PATH=/home/mmazur/Prace/MecHaRo-Lab_ROSBot2Pro/ws_ros2_husarion/install/ros_components_description:${AMENT_PREFIX_PATH} CMAKE_PREFIX_PATH=/home/mmazur/Prace/MecHaRo-Lab_ROSBot2Pro/ws_ros2_husarion/install/ros_components_description:/opt/ros/lyrical/opt/gz_sim_vendor:/opt/ros/lyrical/opt/gz_sensors_vendor:/opt/ros/lyrical/opt/gz_gui_vendor:/opt/ros/lyrical/opt/gz_transport_vendor:/opt/ros/lyrical/opt/gz_physics_vendor:/opt/ros/lyrical/opt/sdformat_vendor:/opt/ros/lyrical/opt/gz_rendering_vendor:/opt/ros/lyrical/opt/gz_plugin_vendor:/opt/ros/lyrical/opt/gz_fuel_tools_vendor:/opt/ros/lyrical/opt/gz_msgs_vendor:/opt/ros/lyrical/opt/gz_common_vendor:/opt/ros/lyrical/opt/gz_math_vendor:/opt/ros/lyrical/opt/gz_utils_vendor:/opt/ros/lyrical/opt/gz_tools_vendor:/opt/ros/lyrical/opt/gz_ogre_next_vendor:/opt/ros/lyrical/opt/gz_dartsim_vendor:/opt/ros/lyrical/opt/gz_cmake_vendor:/opt/ros/lyrical DEBUGINFOD_URLS=https://debuginfod.ubuntu.com /usr/bin/cmake --build /home/mmazur/Prace/MecHaRo-Lab_ROSBot2Pro/ws_ros2_husarion/build/rosbot_xl_description -- -j20 -l20
[0.923s] Invoked command in '/home/mmazur/Prace/MecHaRo-Lab_ROSBot2Pro/ws_ros2_husarion/build/rosbot_xl_description' returned '0': AMENT_PREFIX_PATH=/home/mmazur/Prace/MecHaRo-Lab_ROSBot2Pro/ws_ros2_husarion/install/ros_components_description:${AMENT_PREFIX_PATH} CMAKE_PREFIX_PATH=/home/mmazur/Prace/MecHaRo-Lab_ROSBot2Pro/ws_ros2_husarion/install/ros_components_description:/opt/ros/lyrical/opt/gz_sim_vendor:/opt/ros/lyrical/opt/gz_sensors_vendor:/opt/ros/lyrical/opt/gz_gui_vendor:/opt/ros/lyrical/opt/gz_transport_vendor:/opt/ros/lyrical/opt/gz_physics_vendor:/opt/ros/lyrical/opt/sdformat_vendor:/opt/ros/lyrical/opt/gz_rendering_vendor:/opt/ros/lyrical/opt/gz_plugin_vendor:/opt/ros/lyrical/opt/gz_fuel_tools_vendor:/opt/ros/lyrical/opt/gz_msgs_vendor:/opt/ros/lyrical/opt/gz_common_vendor:/opt/ros/lyrical/opt/gz_math_vendor:/opt/ros/lyrical/opt/gz_utils_vendor:/opt/ros/lyrical/opt/gz_tools_vendor:/opt/ros/lyrical/opt/gz_ogre_next_vendor:/opt/ros/lyrical/opt/gz_dartsim_vendor:/opt/ros/lyrical/opt/gz_cmake_vendor:/opt/ros/lyrical DEBUGINFOD_URLS=https://debuginfod.ubuntu.com /usr/bin/cmake --build /home/mmazur/Prace/MecHaRo-Lab_ROSBot2Pro/ws_ros2_husarion/build/rosbot_xl_description -- -j20 -l20
[0.924s] Invoking command in '/home/mmazur/Prace/MecHaRo-Lab_ROSBot2Pro/ws_ros2_husarion/build/rosbot_xl_description': AMENT_PREFIX_PATH=/home/mmazur/Prace/MecHaRo-Lab_ROSBot2Pro/ws_ros2_husarion/install/ros_components_description:${AMENT_PREFIX_PATH} CMAKE_PREFIX_PATH=/home/mmazur/Prace/MecHaRo-Lab_ROSBot2Pro/ws_ros2_husarion/install/ros_components_description:/opt/ros/lyrical/opt/gz_sim_vendor:/opt/ros/lyrical/opt/gz_sensors_vendor:/opt/ros/lyrical/opt/gz_gui_vendor:/opt/ros/lyrical/opt/gz_transport_vendor:/opt/ros/lyrical/opt/gz_physics_vendor:/opt/ros/lyrical/opt/sdformat_vendor:/opt/ros/lyrical/opt/gz_rendering_vendor:/opt/ros/lyrical/opt/gz_plugin_vendor:/opt/ros/lyrical/opt/gz_fuel_tools_vendor:/opt/ros/lyrical/opt/gz_msgs_vendor:/opt/ros/lyrical/opt/gz_common_vendor:/opt/ros/lyrical/opt/gz_math_vendor:/opt/ros/lyrical/opt/gz_utils_vendor:/opt/ros/lyrical/opt/gz_tools_vendor:/opt/ros/lyrical/opt/gz_ogre_next_vendor:/opt/ros/lyrical/opt/gz_dartsim_vendor:/opt/ros/lyrical/opt/gz_cmake_vendor:/opt/ros/lyrical DEBUGINFOD_URLS=https://debuginfod.ubuntu.com /usr/bin/cmake --install /home/mmazur/Prace/MecHaRo-Lab_ROSBot2Pro/ws_ros2_husarion/build/rosbot_xl_description
[0.933s] -- Install configuration: ""
[0.933s] -- Installing: /home/mmazur/Prace/MecHaRo-Lab_ROSBot2Pro/ws_ros2_husarion/install/rosbot_xl_description/share/rosbot_xl_description/meshes
[0.933s] -- Installing: /home/mmazur/Prace/MecHaRo-Lab_ROSBot2Pro/ws_ros2_husarion/install/rosbot_xl_description/share/rosbot_xl_description/meshes/body.dae
[0.935s] -- Installing: /home/mmazur/Prace/MecHaRo-Lab_ROSBot2Pro/ws_ros2_husarion/install/rosbot_xl_description/share/rosbot_xl_description/meshes/mecanum_b.dae
[0.936s] -- Installing: /home/mmazur/Prace/MecHaRo-Lab_ROSBot2Pro/ws_ros2_husarion/install/rosbot_xl_description/share/rosbot_xl_description/meshes/wheel_b.dae
[0.936s] -- Installing: /home/mmazur/Prace/MecHaRo-Lab_ROSBot2Pro/ws_ros2_husarion/install/rosbot_xl_description/share/rosbot_xl_description/meshes/body_colision.stl
[0.936s] -- Installing: /home/mmazur/Prace/MecHaRo-Lab_ROSBot2Pro/ws_ros2_husarion/install/rosbot_xl_description/share/rosbot_xl_description/meshes/wheel_a.dae
[0.936s] -- Installing: /home/mmazur/Prace/MecHaRo-Lab_ROSBot2Pro/ws_ros2_husarion/install/rosbot_xl_description/share/rosbot_xl_description/meshes/mecanum_a.dae
[0.936s] -- Installing: /home/mmazur/Prace/MecHaRo-Lab_ROSBot2Pro/ws_ros2_husarion/install/rosbot_xl_description/share/rosbot_xl_description/meshes/components
[0.936s] -- Installing: /home/mmazur/Prace/MecHaRo-Lab_ROSBot2Pro/ws_ros2_husarion/install/rosbot_xl_description/share/rosbot_xl_description/meshes/components/camera_mount_bot.dae
[0.936s] -- Installing: /home/mmazur/Prace/MecHaRo-Lab_ROSBot2Pro/ws_ros2_husarion/install/rosbot_xl_description/share/rosbot_xl_description/meshes/components/antenna_connector.dae
[0.937s] -- Installing: /home/mmazur/Prace/MecHaRo-Lab_ROSBot2Pro/ws_ros2_husarion/install/rosbot_xl_description/share/rosbot_xl_description/meshes/components/camera_mount_top.dae
[0.937s] -- Installing: /home/mmazur/Prace/MecHaRo-Lab_ROSBot2Pro/ws_ros2_husarion/install/rosbot_xl_description/share/rosbot_xl_description/meshes/components/camera_mount_mid.dae
[0.937s] -- Installing: /home/mmazur/Prace/MecHaRo-Lab_ROSBot2Pro/ws_ros2_husarion/install/rosbot_xl_description/share/rosbot_xl_description/meshes/components/antenna.dae
[0.937s] -- Installing: /home/mmazur/Prace/MecHaRo-Lab_ROSBot2Pro/ws_ros2_husarion/install/rosbot_xl_description/share/rosbot_xl_description/urdf
[0.937s] -- Installing: /home/mmazur/Prace/MecHaRo-Lab_ROSBot2Pro/ws_ros2_husarion/install/rosbot_xl_description/share/rosbot_xl_description/urdf/body.urdf.xacro
[0.937s] -- Installing: /home/mmazur/Prace/MecHaRo-Lab_ROSBot2Pro/ws_ros2_husarion/install/rosbot_xl_description/share/rosbot_xl_description/urdf/rosbot_xl.urdf.xacro
[0.937s] -- Installing: /home/mmazur/Prace/MecHaRo-Lab_ROSBot2Pro/ws_ros2_husarion/install/rosbot_xl_description/share/rosbot_xl_description/urdf/wheel.urdf.xacro
[0.937s] -- Installing: /home/mmazur/Prace/MecHaRo-Lab_ROSBot2Pro/ws_ros2_husarion/install/rosbot_xl_description/share/rosbot_xl_description/urdf/rosbot_xl_macro.urdf.xacro
[0.937s] -- Installing: /home/mmazur/Prace/MecHaRo-Lab_ROSBot2Pro/ws_ros2_husarion/install/rosbot_xl_description/share/rosbot_xl_description/urdf/components
[0.937s] -- Installing: /home/mmazur/Prace/MecHaRo-Lab_ROSBot2Pro/ws_ros2_husarion/install/rosbot_xl_description/share/rosbot_xl_description/urdf/components/camera_mount.urdf.xacro
[0.937s] -- Installing: /home/mmazur/Prace/MecHaRo-Lab_ROSBot2Pro/ws_ros2_husarion/install/rosbot_xl_description/share/rosbot_xl_description/urdf/components/antenna.urdf.xacro
[0.937s] -- Installing: /home/mmazur/Prace/MecHaRo-Lab_ROSBot2Pro/ws_ros2_husarion/install/rosbot_xl_description/share/ament_index/resource_index/package_run_dependencies/rosbot_xl_description
[0.937s] -- Installing: /home/mmazur/Prace/MecHaRo-Lab_ROSBot2Pro/ws_ros2_husarion/install/rosbot_xl_description/share/ament_index/resource_index/parent_prefix_path/rosbot_xl_description
[0.937s] -- Installing: /home/mmazur/Prace/MecHaRo-Lab_ROSBot2Pro/ws_ros2_husarion/install/rosbot_xl_description/share/rosbot_xl_description/environment/ament_prefix_path.sh
[0.937s] -- Installing: /home/mmazur/Prace/MecHaRo-Lab_ROSBot2Pro/ws_ros2_husarion/install/rosbot_xl_description/share/rosbot_xl_description/environment/ament_prefix_path.dsv
[0.937s] -- Installing: /home/mmazur/Prace/MecHaRo-Lab_ROSBot2Pro/ws_ros2_husarion/install/rosbot_xl_description/share/rosbot_xl_description/environment/path.sh
[0.938s] -- Installing: /home/mmazur/Prace/MecHaRo-Lab_ROSBot2Pro/ws_ros2_husarion/install/rosbot_xl_description/share/rosbot_xl_description/environment/path.dsv
[0.938s] -- Installing: /home/mmazur/Prace/MecHaRo-Lab_ROSBot2Pro/ws_ros2_husarion/install/rosbot_xl_description/share/rosbot_xl_description/local_setup.bash
[0.938s] -- Installing: /home/mmazur/Prace/MecHaRo-Lab_ROSBot2Pro/ws_ros2_husarion/install/rosbot_xl_description/share/rosbot_xl_description/local_setup.fish
[0.938s] -- Installing: /home/mmazur/Prace/MecHaRo-Lab_ROSBot2Pro/ws_ros2_husarion/install/rosbot_xl_description/share/rosbot_xl_description/local_setup.sh
[0.938s] -- Installing: /home/mmazur/Prace/MecHaRo-Lab_ROSBot2Pro/ws_ros2_husarion/install/rosbot_xl_description/share/rosbot_xl_description/local_setup.zsh
[0.938s] -- Installing: /home/mmazur/Prace/MecHaRo-Lab_ROSBot2Pro/ws_ros2_husarion/install/rosbot_xl_description/share/rosbot_xl_description/local_setup.dsv
[0.938s] -- Installing: /home/mmazur/Prace/MecHaRo-Lab_ROSBot2Pro/ws_ros2_husarion/install/rosbot_xl_description/share/rosbot_xl_description/package.dsv
[0.938s] -- Installing: /home/mmazur/Prace/MecHaRo-Lab_ROSBot2Pro/ws_ros2_husarion/install/rosbot_xl_description/share/ament_index/resource_index/packages/rosbot_xl_description
[0.939s] -- Installing: /home/mmazur/Prace/MecHaRo-Lab_ROSBot2Pro/ws_ros2_husarion/install/rosbot_xl_description/share/rosbot_xl_description/cmake/rosbot_xl_descriptionConfig.cmake
[0.939s] -- Installing: /home/mmazur/Prace/MecHaRo-Lab_ROSBot2Pro/ws_ros2_husarion/install/rosbot_xl_description/share/rosbot_xl_description/cmake/rosbot_xl_descriptionConfig-version.cmake
[0.939s] -- Installing: /home/mmazur/Prace/MecHaRo-Lab_ROSBot2Pro/ws_ros2_husarion/install/rosbot_xl_description/share/rosbot_xl_description/package.xml
[0.957s] Invoked command in '/home/mmazur/Prace/MecHaRo-Lab_ROSBot2Pro/ws_ros2_husarion/build/rosbot_xl_description' returned '0': AMENT_PREFIX_PATH=/home/mmazur/Prace/MecHaRo-Lab_ROSBot2Pro/ws_ros2_husarion/install/ros_components_description:${AMENT_PREFIX_PATH} CMAKE_PREFIX_PATH=/home/mmazur/Prace/MecHaRo-Lab_ROSBot2Pro/ws_ros2_husarion/install/ros_components_description:/opt/ros/lyrical/opt/gz_sim_vendor:/opt/ros/lyrical/opt/gz_sensors_vendor:/opt/ros/lyrical/opt/gz_gui_vendor:/opt/ros/lyrical/opt/gz_transport_vendor:/opt/ros/lyrical/opt/gz_physics_vendor:/opt/ros/lyrical/opt/sdformat_vendor:/opt/ros/lyrical/opt/gz_rendering_vendor:/opt/ros/lyrical/opt/gz_plugin_vendor:/opt/ros/lyrical/opt/gz_fuel_tools_vendor:/opt/ros/lyrical/opt/gz_msgs_vendor:/opt/ros/lyrical/opt/gz_common_vendor:/opt/ros/lyrical/opt/gz_math_vendor:/opt/ros/lyrical/opt/gz_utils_vendor:/opt/ros/lyrical/opt/gz_tools_vendor:/opt/ros/lyrical/opt/gz_ogre_next_vendor:/opt/ros/lyrical/opt/gz_dartsim_vendor:/opt/ros/lyrical/opt/gz_cmake_vendor:/opt/ros/lyrical DEBUGINFOD_URLS=https://debuginfod.ubuntu.com /usr/bin/cmake --install /home/mmazur/Prace/MecHaRo-Lab_ROSBot2Pro/ws_ros2_husarion/build/rosbot_xl_description
