running egg_info
creating ../../build/nav_example/nav_example.egg-info
writing ../../build/nav_example/nav_example.egg-info/PKG-INFO
writing dependency_links to ../../build/nav_example/nav_example.egg-info/dependency_links.txt
writing entry points to ../../build/nav_example/nav_example.egg-info/entry_points.txt
writing requirements to ../../build/nav_example/nav_example.egg-info/requires.txt
writing top-level names to ../../build/nav_example/nav_example.egg-info/top_level.txt
writing manifest file '../../build/nav_example/nav_example.egg-info/SOURCES.txt'
reading manifest file '../../build/nav_example/nav_example.egg-info/SOURCES.txt'
writing manifest file '../../build/nav_example/nav_example.egg-info/SOURCES.txt'
running build
running build_py
creating /home/mmazur/Prace/MecHaRo-Lab_ROSBot2Pro/ws_ros2_husarion/build/nav_example/build/lib/nav_example
copying nav_example/nav_to_pose_node.py -> /home/mmazur/Prace/MecHaRo-Lab_ROSBot2Pro/ws_ros2_husarion/build/nav_example/build/lib/nav_example
copying nav_example/__init__.py -> /home/mmazur/Prace/MecHaRo-Lab_ROSBot2Pro/ws_ros2_husarion/build/nav_example/build/lib/nav_example
running install
running install_lib
creating /home/mmazur/Prace/MecHaRo-Lab_ROSBot2Pro/ws_ros2_husarion/install/nav_example/lib/python3.14/site-packages/nav_example
copying /home/mmazur/Prace/MecHaRo-Lab_ROSBot2Pro/ws_ros2_husarion/build/nav_example/build/lib/nav_example/nav_to_pose_node.py -> /home/mmazur/Prace/MecHaRo-Lab_ROSBot2Pro/ws_ros2_husarion/install/nav_example/lib/python3.14/site-packages/nav_example
copying /home/mmazur/Prace/MecHaRo-Lab_ROSBot2Pro/ws_ros2_husarion/build/nav_example/build/lib/nav_example/__init__.py -> /home/mmazur/Prace/MecHaRo-Lab_ROSBot2Pro/ws_ros2_husarion/install/nav_example/lib/python3.14/site-packages/nav_example
byte-compiling /home/mmazur/Prace/MecHaRo-Lab_ROSBot2Pro/ws_ros2_husarion/install/nav_example/lib/python3.14/site-packages/nav_example/nav_to_pose_node.py to nav_to_pose_node.cpython-314.pyc
byte-compiling /home/mmazur/Prace/MecHaRo-Lab_ROSBot2Pro/ws_ros2_husarion/install/nav_example/lib/python3.14/site-packages/nav_example/__init__.py to __init__.cpython-314.pyc
running install_data
creating /home/mmazur/Prace/MecHaRo-Lab_ROSBot2Pro/ws_ros2_husarion/install/nav_example/share/ament_index/resource_index/packages
copying resource/nav_example -> /home/mmazur/Prace/MecHaRo-Lab_ROSBot2Pro/ws_ros2_husarion/install/nav_example/share/ament_index/resource_index/packages
copying package.xml -> /home/mmazur/Prace/MecHaRo-Lab_ROSBot2Pro/ws_ros2_husarion/install/nav_example/share/nav_example
creating /home/mmazur/Prace/MecHaRo-Lab_ROSBot2Pro/ws_ros2_husarion/install/nav_example/share/nav_example/launch
copying launch/nav_example.launch.py -> /home/mmazur/Prace/MecHaRo-Lab_ROSBot2Pro/ws_ros2_husarion/install/nav_example/share/nav_example/launch
running install_egg_info
Copying ../../build/nav_example/nav_example.egg-info to /home/mmazur/Prace/MecHaRo-Lab_ROSBot2Pro/ws_ros2_husarion/install/nav_example/lib/python3.14/site-packages/nav_example-0.0.0-py3.14.egg-info
running install_scripts
Installing nav_to_pose_node script to /home/mmazur/Prace/MecHaRo-Lab_ROSBot2Pro/ws_ros2_husarion/install/nav_example/lib/nav_example
writing list of installed files to '/home/mmazur/Prace/MecHaRo-Lab_ROSBot2Pro/ws_ros2_husarion/build/nav_example/install.log'
