[0.483s] Invoking command in '/home/mmazur/Prace/MecHaRo-Lab_ROSBot2Pro/ws_ros2_husarion/src/nav_example': DEBUGINFOD_URLS=https://debuginfod.ubuntu.com PYTHONPATH=/home/mmazur/Prace/MecHaRo-Lab_ROSBot2Pro/ws_ros2_husarion/build/nav_example/prefix_override:/usr/lib/python3/dist-packages/colcon_core/task/python/colcon_distutils_commands:/home/mmazur/Prace/MecHaRo-Lab_ROSBot2Pro/ws_ros2_husarion/install/nav_example/lib/python3.14/site-packages:${PYTHONPATH} /usr/bin/python3 -W ignore:setup.py install is deprecated -W ignore:easy_install command is deprecated setup.py egg_info --egg-base ../../build/nav_example build --build-base /home/mmazur/Prace/MecHaRo-Lab_ROSBot2Pro/ws_ros2_husarion/build/nav_example/build install --record /home/mmazur/Prace/MecHaRo-Lab_ROSBot2Pro/ws_ros2_husarion/build/nav_example/install.log --install-scripts $base/lib/nav_example --single-version-externally-managed install_data
[0.637s] running egg_info
[0.647s] creating ../../build/nav_example/nav_example.egg-info
[0.647s] writing ../../build/nav_example/nav_example.egg-info/PKG-INFO
[0.647s] writing dependency_links to ../../build/nav_example/nav_example.egg-info/dependency_links.txt
[0.647s] writing entry points to ../../build/nav_example/nav_example.egg-info/entry_points.txt
[0.647s] writing requirements to ../../build/nav_example/nav_example.egg-info/requires.txt
[0.647s] writing top-level names to ../../build/nav_example/nav_example.egg-info/top_level.txt
[0.647s] writing manifest file '../../build/nav_example/nav_example.egg-info/SOURCES.txt'
[0.667s] reading manifest file '../../build/nav_example/nav_example.egg-info/SOURCES.txt'
[0.668s] writing manifest file '../../build/nav_example/nav_example.egg-info/SOURCES.txt'
[0.668s] running build
[0.668s] running build_py
[0.668s] creating /home/mmazur/Prace/MecHaRo-Lab_ROSBot2Pro/ws_ros2_husarion/build/nav_example/build/lib/nav_example
[0.668s] copying nav_example/nav_to_pose_node.py -> /home/mmazur/Prace/MecHaRo-Lab_ROSBot2Pro/ws_ros2_husarion/build/nav_example/build/lib/nav_example
[0.668s] copying nav_example/__init__.py -> /home/mmazur/Prace/MecHaRo-Lab_ROSBot2Pro/ws_ros2_husarion/build/nav_example/build/lib/nav_example
[0.668s] running install
[0.671s] running install_lib
[0.680s] creating /home/mmazur/Prace/MecHaRo-Lab_ROSBot2Pro/ws_ros2_husarion/install/nav_example/lib/python3.14/site-packages/nav_example
[0.680s] copying /home/mmazur/Prace/MecHaRo-Lab_ROSBot2Pro/ws_ros2_husarion/build/nav_example/build/lib/nav_example/nav_to_pose_node.py -> /home/mmazur/Prace/MecHaRo-Lab_ROSBot2Pro/ws_ros2_husarion/install/nav_example/lib/python3.14/site-packages/nav_example
[0.680s] copying /home/mmazur/Prace/MecHaRo-Lab_ROSBot2Pro/ws_ros2_husarion/build/nav_example/build/lib/nav_example/__init__.py -> /home/mmazur/Prace/MecHaRo-Lab_ROSBot2Pro/ws_ros2_husarion/install/nav_example/lib/python3.14/site-packages/nav_example
[0.681s] byte-compiling /home/mmazur/Prace/MecHaRo-Lab_ROSBot2Pro/ws_ros2_husarion/install/nav_example/lib/python3.14/site-packages/nav_example/nav_to_pose_node.py to nav_to_pose_node.cpython-314.pyc
[0.681s] byte-compiling /home/mmazur/Prace/MecHaRo-Lab_ROSBot2Pro/ws_ros2_husarion/install/nav_example/lib/python3.14/site-packages/nav_example/__init__.py to __init__.cpython-314.pyc
[0.681s] running install_data
[0.681s] creating /home/mmazur/Prace/MecHaRo-Lab_ROSBot2Pro/ws_ros2_husarion/install/nav_example/share/ament_index/resource_index/packages
[0.681s] copying resource/nav_example -> /home/mmazur/Prace/MecHaRo-Lab_ROSBot2Pro/ws_ros2_husarion/install/nav_example/share/ament_index/resource_index/packages
[0.682s] copying package.xml -> /home/mmazur/Prace/MecHaRo-Lab_ROSBot2Pro/ws_ros2_husarion/install/nav_example/share/nav_example
[0.682s] creating /home/mmazur/Prace/MecHaRo-Lab_ROSBot2Pro/ws_ros2_husarion/install/nav_example/share/nav_example/launch
[0.682s] copying launch/nav_example.launch.py -> /home/mmazur/Prace/MecHaRo-Lab_ROSBot2Pro/ws_ros2_husarion/install/nav_example/share/nav_example/launch
[0.682s] running install_egg_info
[0.691s] Copying ../../build/nav_example/nav_example.egg-info to /home/mmazur/Prace/MecHaRo-Lab_ROSBot2Pro/ws_ros2_husarion/install/nav_example/lib/python3.14/site-packages/nav_example-0.0.0-py3.14.egg-info
[0.692s] running install_scripts
[0.742s] Installing nav_to_pose_node script to /home/mmazur/Prace/MecHaRo-Lab_ROSBot2Pro/ws_ros2_husarion/install/nav_example/lib/nav_example
[0.742s] writing list of installed files to '/home/mmazur/Prace/MecHaRo-Lab_ROSBot2Pro/ws_ros2_husarion/build/nav_example/install.log'
[0.768s] Invoked command in '/home/mmazur/Prace/MecHaRo-Lab_ROSBot2Pro/ws_ros2_husarion/src/nav_example' returned '0': DEBUGINFOD_URLS=https://debuginfod.ubuntu.com PYTHONPATH=/home/mmazur/Prace/MecHaRo-Lab_ROSBot2Pro/ws_ros2_husarion/build/nav_example/prefix_override:/usr/lib/python3/dist-packages/colcon_core/task/python/colcon_distutils_commands:/home/mmazur/Prace/MecHaRo-Lab_ROSBot2Pro/ws_ros2_husarion/install/nav_example/lib/python3.14/site-packages:${PYTHONPATH} /usr/bin/python3 -W ignore:setup.py install is deprecated -W ignore:easy_install command is deprecated setup.py egg_info --egg-base ../../build/nav_example build --build-base /home/mmazur/Prace/MecHaRo-Lab_ROSBot2Pro/ws_ros2_husarion/build/nav_example/build install --record /home/mmazur/Prace/MecHaRo-Lab_ROSBot2Pro/ws_ros2_husarion/build/nav_example/install.log --install-scripts $base/lib/nav_example --single-version-externally-managed install_data
