-- The C compiler identification is GNU 15.2.0
-- The CXX compiler identification is GNU 15.2.0
-- Detecting C compiler ABI info
-- Detecting C compiler ABI info - done
-- Check for working C compiler: /usr/bin/cc - skipped
-- Detecting C compile features
-- Detecting C compile features - done
-- Detecting CXX compiler ABI info
-- Detecting CXX compiler ABI info - done
-- Check for working CXX compiler: /usr/bin/c++ - skipped
-- Detecting CXX compile features
-- Detecting CXX compile features - done
-- Found ament_cmake: 2.8.8 (/opt/ros/lyrical/share/ament_cmake/cmake)
-- Configuring done (0.9s)
-- Generating done (0.0s)
-- Build files have been written to: /home/mmazur/Prace/MecHaRo-Lab_ROSBot2Pro/ws_ros2_husarion/build/rosbot_description
-- Install configuration: ""
-- Installing: /home/mmazur/Prace/MecHaRo-Lab_ROSBot2Pro/ws_ros2_husarion/install/rosbot_description/share/rosbot_description/meshes
-- Installing: /home/mmazur/Prace/MecHaRo-Lab_ROSBot2Pro/ws_ros2_husarion/install/rosbot_description/share/rosbot_description/meshes/wheel.stl
-- Installing: /home/mmazur/Prace/MecHaRo-Lab_ROSBot2Pro/ws_ros2_husarion/install/rosbot_description/share/rosbot_description/meshes/cover.stl
-- Installing: /home/mmazur/Prace/MecHaRo-Lab_ROSBot2Pro/ws_ros2_husarion/install/rosbot_description/share/rosbot_description/meshes/body.stl
-- Installing: /home/mmazur/Prace/MecHaRo-Lab_ROSBot2Pro/ws_ros2_husarion/install/rosbot_description/share/rosbot_description/urdf
-- Installing: /home/mmazur/Prace/MecHaRo-Lab_ROSBot2Pro/ws_ros2_husarion/install/rosbot_description/share/rosbot_description/urdf/rosbot.urdf
-- Installing: /home/mmazur/Prace/MecHaRo-Lab_ROSBot2Pro/ws_ros2_husarion/install/rosbot_description/share/rosbot_description/urdf/rosbot.urdf.xacro
-- Installing: /home/mmazur/Prace/MecHaRo-Lab_ROSBot2Pro/ws_ros2_husarion/install/rosbot_description/share/rosbot_description/urdf/body.urdf.xacro
-- Installing: /home/mmazur/Prace/MecHaRo-Lab_ROSBot2Pro/ws_ros2_husarion/install/rosbot_description/share/rosbot_description/urdf/wheel.urdf.xacro
-- Installing: /home/mmazur/Prace/MecHaRo-Lab_ROSBot2Pro/ws_ros2_husarion/install/rosbot_description/share/rosbot_description/urdf/rosbot_macro.urdf.xacro
-- Installing: /home/mmazur/Prace/MecHaRo-Lab_ROSBot2Pro/ws_ros2_husarion/install/rosbot_description/share/rosbot_description/settings
-- Installing: /home/mmazur/Prace/MecHaRo-Lab_ROSBot2Pro/ws_ros2_husarion/install/rosbot_description/share/rosbot_description/settings/slam_toolbox_webots.yaml
-- Installing: /home/mmazur/Prace/MecHaRo-Lab_ROSBot2Pro/ws_ros2_husarion/install/rosbot_description/share/rosbot_description/settings/amcl_params.yaml
-- Installing: /home/mmazur/Prace/MecHaRo-Lab_ROSBot2Pro/ws_ros2_husarion/install/rosbot_description/share/rosbot_description/settings/nav2_params_webots.yaml
-- Installing: /home/mmazur/Prace/MecHaRo-Lab_ROSBot2Pro/ws_ros2_husarion/install/rosbot_description/share/rosbot_description/settings/joy2twist.yaml
-- Installing: /home/mmazur/Prace/MecHaRo-Lab_ROSBot2Pro/ws_ros2_husarion/install/rosbot_description/share/rosbot_description/settings/rosbot.rviz
-- Installing: /home/mmazur/Prace/MecHaRo-Lab_ROSBot2Pro/ws_ros2_husarion/install/rosbot_description/share/rosbot_description/settings/rosbot2-nav2-demo.rviz
-- Installing: /home/mmazur/Prace/MecHaRo-Lab_ROSBot2Pro/ws_ros2_husarion/install/rosbot_description/share/rosbot_description/settings/nav2_params.yaml
-- Installing: /home/mmazur/Prace/MecHaRo-Lab_ROSBot2Pro/ws_ros2_husarion/install/rosbot_description/share/rosbot_description/settings/slam_toolbox.yaml
-- Installing: /home/mmazur/Prace/MecHaRo-Lab_ROSBot2Pro/ws_ros2_husarion/install/rosbot_description/share/rosbot_description/settings/amcl_params_webots.yaml
-- Installing: /home/mmazur/Prace/MecHaRo-Lab_ROSBot2Pro/ws_ros2_husarion/install/rosbot_description/share/ament_index/resource_index/package_run_dependencies/rosbot_description
-- Installing: /home/mmazur/Prace/MecHaRo-Lab_ROSBot2Pro/ws_ros2_husarion/install/rosbot_description/share/ament_index/resource_index/parent_prefix_path/rosbot_description
-- Installing: /home/mmazur/Prace/MecHaRo-Lab_ROSBot2Pro/ws_ros2_husarion/install/rosbot_description/share/rosbot_description/environment/ament_prefix_path.sh
-- Installing: /home/mmazur/Prace/MecHaRo-Lab_ROSBot2Pro/ws_ros2_husarion/install/rosbot_description/share/rosbot_description/environment/ament_prefix_path.dsv
-- Installing: /home/mmazur/Prace/MecHaRo-Lab_ROSBot2Pro/ws_ros2_husarion/install/rosbot_description/share/rosbot_description/environment/path.sh
-- Installing: /home/mmazur/Prace/MecHaRo-Lab_ROSBot2Pro/ws_ros2_husarion/install/rosbot_description/share/rosbot_description/environment/path.dsv
-- Installing: /home/mmazur/Prace/MecHaRo-Lab_ROSBot2Pro/ws_ros2_husarion/install/rosbot_description/share/rosbot_description/local_setup.bash
-- Installing: /home/mmazur/Prace/MecHaRo-Lab_ROSBot2Pro/ws_ros2_husarion/install/rosbot_description/share/rosbot_description/local_setup.fish
-- Installing: /home/mmazur/Prace/MecHaRo-Lab_ROSBot2Pro/ws_ros2_husarion/install/rosbot_description/share/rosbot_description/local_setup.sh
-- Installing: /home/mmazur/Prace/MecHaRo-Lab_ROSBot2Pro/ws_ros2_husarion/install/rosbot_description/share/rosbot_description/local_setup.zsh
-- Installing: /home/mmazur/Prace/MecHaRo-Lab_ROSBot2Pro/ws_ros2_husarion/install/rosbot_description/share/rosbot_description/local_setup.dsv
-- Installing: /home/mmazur/Prace/MecHaRo-Lab_ROSBot2Pro/ws_ros2_husarion/install/rosbot_description/share/rosbot_description/package.dsv
-- Installing: /home/mmazur/Prace/MecHaRo-Lab_ROSBot2Pro/ws_ros2_husarion/install/rosbot_description/share/ament_index/resource_index/packages/rosbot_description
-- Installing: /home/mmazur/Prace/MecHaRo-Lab_ROSBot2Pro/ws_ros2_husarion/install/rosbot_description/share/rosbot_description/cmake/rosbot_descriptionConfig.cmake
-- Installing: /home/mmazur/Prace/MecHaRo-Lab_ROSBot2Pro/ws_ros2_husarion/install/rosbot_description/share/rosbot_description/cmake/rosbot_descriptionConfig-version.cmake
-- Installing: /home/mmazur/Prace/MecHaRo-Lab_ROSBot2Pro/ws_ros2_husarion/install/rosbot_description/share/rosbot_description/package.xml
