[0.170s] Invoking command in '/home/mmazur/Prace/MecHaRo-Lab_ROSBot2Pro/ws_ros2_husarion/build/open_manipulator_x_description': CMAKE_PREFIX_PATH=${CMAKE_PREFIX_PATH}:/opt/ros/lyrical DEBUGINFOD_URLS=https://debuginfod.ubuntu.com /usr/bin/cmake /home/mmazur/Prace/MecHaRo-Lab_ROSBot2Pro/ws_ros2_husarion/src/open_manipulator_x/open_manipulator_x_description -DCMAKE_INSTALL_PREFIX=/home/mmazur/Prace/MecHaRo-Lab_ROSBot2Pro/ws_ros2_husarion/install/open_manipulator_x_description
[0.249s] -- The C compiler identification is GNU 15.2.0
[0.305s] -- The CXX compiler identification is GNU 15.2.0
[0.310s] -- Detecting C compiler ABI info
[0.377s] -- Detecting C compiler ABI info - done
[0.386s] -- Check for working C compiler: /usr/bin/cc - skipped
[0.386s] -- Detecting C compile features
[0.387s] -- Detecting C compile features - done
[0.396s] -- Detecting CXX compiler ABI info
[0.457s] -- Detecting CXX compiler ABI info - done
[0.472s] -- Check for working CXX compiler: /usr/bin/c++ - skipped
[0.472s] -- Detecting CXX compile features
[0.473s] -- Detecting CXX compile features - done
[0.482s] -- Found ament_cmake: 2.8.8 (/opt/ros/lyrical/share/ament_cmake/cmake)
[0.779s] -- Configuring done (0.6s)
[0.785s] -- Generating done (0.0s)
[0.788s] -- Build files have been written to: /home/mmazur/Prace/MecHaRo-Lab_ROSBot2Pro/ws_ros2_husarion/build/open_manipulator_x_description
[0.794s] Invoked command in '/home/mmazur/Prace/MecHaRo-Lab_ROSBot2Pro/ws_ros2_husarion/build/open_manipulator_x_description' returned '0': CMAKE_PREFIX_PATH=${CMAKE_PREFIX_PATH}:/opt/ros/lyrical DEBUGINFOD_URLS=https://debuginfod.ubuntu.com /usr/bin/cmake /home/mmazur/Prace/MecHaRo-Lab_ROSBot2Pro/ws_ros2_husarion/src/open_manipulator_x/open_manipulator_x_description -DCMAKE_INSTALL_PREFIX=/home/mmazur/Prace/MecHaRo-Lab_ROSBot2Pro/ws_ros2_husarion/install/open_manipulator_x_description
[0.794s] Invoking command in '/home/mmazur/Prace/MecHaRo-Lab_ROSBot2Pro/ws_ros2_husarion/build/open_manipulator_x_description': CMAKE_PREFIX_PATH=${CMAKE_PREFIX_PATH}:/opt/ros/lyrical DEBUGINFOD_URLS=https://debuginfod.ubuntu.com /usr/bin/cmake --build /home/mmazur/Prace/MecHaRo-Lab_ROSBot2Pro/ws_ros2_husarion/build/open_manipulator_x_description -- -j20 -l20
[0.829s] Invoked command in '/home/mmazur/Prace/MecHaRo-Lab_ROSBot2Pro/ws_ros2_husarion/build/open_manipulator_x_description' returned '0': CMAKE_PREFIX_PATH=${CMAKE_PREFIX_PATH}:/opt/ros/lyrical DEBUGINFOD_URLS=https://debuginfod.ubuntu.com /usr/bin/cmake --build /home/mmazur/Prace/MecHaRo-Lab_ROSBot2Pro/ws_ros2_husarion/build/open_manipulator_x_description -- -j20 -l20
[0.830s] Invoking command in '/home/mmazur/Prace/MecHaRo-Lab_ROSBot2Pro/ws_ros2_husarion/build/open_manipulator_x_description': CMAKE_PREFIX_PATH=${CMAKE_PREFIX_PATH}:/opt/ros/lyrical DEBUGINFOD_URLS=https://debuginfod.ubuntu.com /usr/bin/cmake --install /home/mmazur/Prace/MecHaRo-Lab_ROSBot2Pro/ws_ros2_husarion/build/open_manipulator_x_description
[0.841s] -- Install configuration: ""
[0.841s] -- Installing: /home/mmazur/Prace/MecHaRo-Lab_ROSBot2Pro/ws_ros2_husarion/install/open_manipulator_x_description/share/open_manipulator_x_description/meshes
[0.842s] -- Installing: /home/mmazur/Prace/MecHaRo-Lab_ROSBot2Pro/ws_ros2_husarion/install/open_manipulator_x_description/share/open_manipulator_x_description/meshes/link3.stl
[0.843s] -- Installing: /home/mmazur/Prace/MecHaRo-Lab_ROSBot2Pro/ws_ros2_husarion/install/open_manipulator_x_description/share/open_manipulator_x_description/meshes/gripper_right_palm.stl
[0.843s] -- Installing: /home/mmazur/Prace/MecHaRo-Lab_ROSBot2Pro/ws_ros2_husarion/install/open_manipulator_x_description/share/open_manipulator_x_description/meshes/link1.stl
[0.845s] -- Installing: /home/mmazur/Prace/MecHaRo-Lab_ROSBot2Pro/ws_ros2_husarion/install/open_manipulator_x_description/share/open_manipulator_x_description/meshes/link2.stl
[0.845s] -- Installing: /home/mmazur/Prace/MecHaRo-Lab_ROSBot2Pro/ws_ros2_husarion/install/open_manipulator_x_description/share/open_manipulator_x_description/meshes/gripper_left_palm.stl
[0.845s] -- Installing: /home/mmazur/Prace/MecHaRo-Lab_ROSBot2Pro/ws_ros2_husarion/install/open_manipulator_x_description/share/open_manipulator_x_description/meshes/link5.stl
[0.845s] -- Installing: /home/mmazur/Prace/MecHaRo-Lab_ROSBot2Pro/ws_ros2_husarion/install/open_manipulator_x_description/share/open_manipulator_x_description/meshes/link4.stl
[0.846s] -- Installing: /home/mmazur/Prace/MecHaRo-Lab_ROSBot2Pro/ws_ros2_husarion/install/open_manipulator_x_description/share/open_manipulator_x_description/urdf
[0.846s] -- Installing: /home/mmazur/Prace/MecHaRo-Lab_ROSBot2Pro/ws_ros2_husarion/install/open_manipulator_x_description/share/open_manipulator_x_description/urdf/open_manipulator_x_macro.urdf.xacro
[0.846s] -- Installing: /home/mmazur/Prace/MecHaRo-Lab_ROSBot2Pro/ws_ros2_husarion/install/open_manipulator_x_description/share/ament_index/resource_index/package_run_dependencies/open_manipulator_x_description
[0.846s] -- Installing: /home/mmazur/Prace/MecHaRo-Lab_ROSBot2Pro/ws_ros2_husarion/install/open_manipulator_x_description/share/ament_index/resource_index/parent_prefix_path/open_manipulator_x_description
[0.846s] -- Installing: /home/mmazur/Prace/MecHaRo-Lab_ROSBot2Pro/ws_ros2_husarion/install/open_manipulator_x_description/share/open_manipulator_x_description/environment/ament_prefix_path.sh
[0.847s] -- Installing: /home/mmazur/Prace/MecHaRo-Lab_ROSBot2Pro/ws_ros2_husarion/install/open_manipulator_x_description/share/open_manipulator_x_description/environment/ament_prefix_path.dsv
[0.847s] -- Installing: /home/mmazur/Prace/MecHaRo-Lab_ROSBot2Pro/ws_ros2_husarion/install/open_manipulator_x_description/share/open_manipulator_x_description/environment/path.sh
[0.847s] -- Installing: /home/mmazur/Prace/MecHaRo-Lab_ROSBot2Pro/ws_ros2_husarion/install/open_manipulator_x_description/share/open_manipulator_x_description/environment/path.dsv
[0.847s] -- Installing: /home/mmazur/Prace/MecHaRo-Lab_ROSBot2Pro/ws_ros2_husarion/install/open_manipulator_x_description/share/open_manipulator_x_description/local_setup.bash
[0.847s] -- Installing: /home/mmazur/Prace/MecHaRo-Lab_ROSBot2Pro/ws_ros2_husarion/install/open_manipulator_x_description/share/open_manipulator_x_description/local_setup.fish
[0.847s] -- Installing: /home/mmazur/Prace/MecHaRo-Lab_ROSBot2Pro/ws_ros2_husarion/install/open_manipulator_x_description/share/open_manipulator_x_description/local_setup.sh
[0.847s] -- Installing: /home/mmazur/Prace/MecHaRo-Lab_ROSBot2Pro/ws_ros2_husarion/install/open_manipulator_x_description/share/open_manipulator_x_description/local_setup.zsh
[0.847s] -- Installing: /home/mmazur/Prace/MecHaRo-Lab_ROSBot2Pro/ws_ros2_husarion/install/open_manipulator_x_description/share/open_manipulator_x_description/local_setup.dsv
[0.847s] -- Installing: /home/mmazur/Prace/MecHaRo-Lab_ROSBot2Pro/ws_ros2_husarion/install/open_manipulator_x_description/share/open_manipulator_x_description/package.dsv
[0.847s] -- Installing: /home/mmazur/Prace/MecHaRo-Lab_ROSBot2Pro/ws_ros2_husarion/install/open_manipulator_x_description/share/ament_index/resource_index/packages/open_manipulator_x_description
[0.848s] -- Installing: /home/mmazur/Prace/MecHaRo-Lab_ROSBot2Pro/ws_ros2_husarion/install/open_manipulator_x_description/share/open_manipulator_x_description/cmake/open_manipulator_x_descriptionConfig.cmake
[0.848s] -- Installing: /home/mmazur/Prace/MecHaRo-Lab_ROSBot2Pro/ws_ros2_husarion/install/open_manipulator_x_description/share/open_manipulator_x_description/cmake/open_manipulator_x_descriptionConfig-version.cmake
[0.848s] -- Installing: /home/mmazur/Prace/MecHaRo-Lab_ROSBot2Pro/ws_ros2_husarion/install/open_manipulator_x_description/share/open_manipulator_x_description/package.xml
[0.849s] Invoked command in '/home/mmazur/Prace/MecHaRo-Lab_ROSBot2Pro/ws_ros2_husarion/build/open_manipulator_x_description' returned '0': CMAKE_PREFIX_PATH=${CMAKE_PREFIX_PATH}:/opt/ros/lyrical DEBUGINFOD_URLS=https://debuginfod.ubuntu.com /usr/bin/cmake --install /home/mmazur/Prace/MecHaRo-Lab_ROSBot2Pro/ws_ros2_husarion/build/open_manipulator_x_description
